[ 2026-07-23 11:25:49,703 ] asyncio - DEBUG - Using proactor: IocpProactor
[ 2026-07-23 11:25:54,154 ] asyncio - DEBUG - Using proactor: IocpProactor
[ 2026-07-23 11:33:06,784 ] root - INFO - Entered get_usvisa_data_as_dict method as USvisaData class
[ 2026-07-23 11:33:06,784 ] root - INFO - Created usvisa data dict
[ 2026-07-23 11:33:06,784 ] root - INFO - Exited get_usvisa_data_as_dict method as USvisaData class
[ 2026-07-23 11:33:06,794 ] root - INFO - Entered predict method of USvisaClassifier class
[ 2026-07-23 11:33:06,800 ] botocore.hooks - DEBUG - Changing event name from creating-client-class.iot-data to creating-client-class.iot-data-plane
[ 2026-07-23 11:33:06,810 ] botocore.hooks - DEBUG - Changing event name from before-call.apigateway to before-call.api-gateway
[ 2026-07-23 11:33:06,812 ] botocore.hooks - DEBUG - Changing event name from request-created.machinelearning.Predict to request-created.machine-learning.Predict
[ 2026-07-23 11:33:06,814 ] botocore.hooks - DEBUG - Changing event name from before-parameter-build.autoscaling.CreateLaunchConfiguration to before-parameter-build.auto-scaling.CreateLaunchConfiguration
[ 2026-07-23 11:33:06,814 ] botocore.hooks - DEBUG - Changing event name from before-parameter-build.route53 to before-parameter-build.route-53
[ 2026-07-23 11:33:06,816 ] botocore.hooks - DEBUG - Changing event name from request-created.cloudsearchdomain.Search to request-created.cloudsearch-domain.Search
[ 2026-07-23 11:33:06,816 ] botocore.hooks - DEBUG - Changing event name from docs.*.autoscaling.CreateLaunchConfiguration.complete-section to docs.*.auto-scaling.CreateLaunchConfiguration.complete-section
[ 2026-07-23 11:33:06,826 ] botocore.hooks - DEBUG - Changing event name from before-parameter-build.logs.CreateExportTask to before-parameter-build.cloudwatch-logs.CreateExportTask
[ 2026-07-23 11:33:06,828 ] botocore.hooks - DEBUG - Changing event name from docs.*.logs.CreateExportTask.complete-section to docs.*.cloudwatch-logs.CreateExportTask.complete-section
[ 2026-07-23 11:33:06,828 ] botocore.hooks - DEBUG - Changing event name from before-parameter-build.cloudsearchdomain.Search to before-parameter-build.cloudsearch-domain.Search
[ 2026-07-23 11:33:06,828 ] botocore.hooks - DEBUG - Changing event name from docs.*.cloudsearchdomain.Search.complete-section to docs.*.cloudsearch-domain.Search.complete-section
[ 2026-07-23 11:33:07,423 ] botocore.loaders - DEBUG - Loading JSON file: C:\Users\zohai\AppData\Local\Programs\Python\Python312\Lib\site-packages\boto3\data\s3\2006-03-01\resources-1.json
[ 2026-07-23 11:33:07,459 ] botocore.loaders - DEBUG - Loading JSON file: C:\Users\zohai\AppData\Local\Programs\Python\Python312\Lib\site-packages\botocore\data\endpoints.json
[ 2026-07-23 11:33:07,535 ] botocore.loaders - DEBUG - Loading JSON file: C:\Users\zohai\AppData\Local\Programs\Python\Python312\Lib\site-packages\botocore\data\sdk-default-configuration.json
[ 2026-07-23 11:33:07,535 ] botocore.hooks - DEBUG - Event choose-service-name: calling handler <function handle_service_name_alias at 0x00000224D96FFC40>
[ 2026-07-23 11:33:07,712 ] botocore.loaders - DEBUG - Loading JSON file: C:\Users\zohai\AppData\Local\Programs\Python\Python312\Lib\site-packages\botocore\data\s3\2006-03-01\service-2.json.gz
[ 2026-07-23 11:33:07,760 ] botocore.loaders - DEBUG - Loading JSON file: C:\Users\zohai\AppData\Local\Programs\Python\Python312\Lib\site-packages\botocore\data\s3\2006-03-01\service-2.sdk-extras.json
[ 2026-07-23 11:33:07,904 ] botocore.loaders - DEBUG - Loading JSON file: C:\Users\zohai\AppData\Local\Programs\Python\Python312\Lib\site-packages\botocore\data\s3\2006-03-01\endpoint-rule-set-1.json.gz
[ 2026-07-23 11:33:07,938 ] botocore.loaders - DEBUG - Loading JSON file: C:\Users\zohai\AppData\Local\Programs\Python\Python312\Lib\site-packages\botocore\data\partitions.json
[ 2026-07-23 11:33:07,941 ] botocore.hooks - DEBUG - Event creating-client-class.s3: calling handler <function add_generate_presigned_post at 0x00000224D967AB60>
[ 2026-07-23 11:33:07,941 ] botocore.hooks - DEBUG - Event creating-client-class.s3: calling handler <function lazy_call.<locals>._handler at 0x00000224E50FCFE0>
[ 2026-07-23 11:33:07,944 ] botocore.hooks - DEBUG - Event creating-client-class.s3: calling handler <function add_generate_presigned_url at 0x00000224D967A8E0>
[ 2026-07-23 11:33:07,945 ] botocore.configprovider - DEBUG - Looking for endpoint for s3 via: environment_service
[ 2026-07-23 11:33:07,945 ] botocore.configprovider - DEBUG - Looking for endpoint for s3 via: environment_global
[ 2026-07-23 11:33:07,945 ] botocore.configprovider - DEBUG - Looking for endpoint for s3 via: config_service
[ 2026-07-23 11:33:07,945 ] botocore.configprovider - DEBUG - Looking for endpoint for s3 via: config_global
[ 2026-07-23 11:33:07,945 ] botocore.configprovider - DEBUG - No configured endpoint found.
[ 2026-07-23 11:33:07,958 ] botocore.endpoint - DEBUG - Setting s3 timeout as (60, 60)
[ 2026-07-23 11:33:08,023 ] botocore.loaders - DEBUG - Loading JSON file: C:\Users\zohai\AppData\Local\Programs\Python\Python312\Lib\site-packages\botocore\data\_retry.json
[ 2026-07-23 11:33:08,023 ] botocore.client - DEBUG - Registering retry handlers for service: s3
[ 2026-07-23 11:33:08,035 ] botocore.utils - DEBUG - Registering S3 region redirector handler
[ 2026-07-23 11:33:08,035 ] botocore.utils - DEBUG - Registering S3Express Identity Resolver
[ 2026-07-23 11:33:08,037 ] boto3.resources.factory - DEBUG - Loading s3:s3
[ 2026-07-23 11:33:08,041 ] botocore.hooks - DEBUG - Event choose-service-name: calling handler <function handle_service_name_alias at 0x00000224D96FFC40>
[ 2026-07-23 11:33:08,043 ] botocore.hooks - DEBUG - Event creating-client-class.s3: calling handler <function add_generate_presigned_post at 0x00000224D967AB60>
[ 2026-07-23 11:33:08,045 ] botocore.hooks - DEBUG - Event creating-client-class.s3: calling handler <function lazy_call.<locals>._handler at 0x00000224E50FCFE0>
[ 2026-07-23 11:33:08,045 ] botocore.hooks - DEBUG - Event creating-client-class.s3: calling handler <function add_generate_presigned_url at 0x00000224D967A8E0>
[ 2026-07-23 11:33:08,045 ] botocore.configprovider - DEBUG - Looking for endpoint for s3 via: environment_service
[ 2026-07-23 11:33:08,045 ] botocore.configprovider - DEBUG - Looking for endpoint for s3 via: environment_global
[ 2026-07-23 11:33:08,045 ] botocore.configprovider - DEBUG - Looking for endpoint for s3 via: config_service
[ 2026-07-23 11:33:08,045 ] botocore.configprovider - DEBUG - Looking for endpoint for s3 via: config_global
[ 2026-07-23 11:33:08,045 ] botocore.configprovider - DEBUG - No configured endpoint found.
[ 2026-07-23 11:33:08,047 ] botocore.endpoint - DEBUG - Setting s3 timeout as (60, 60)
[ 2026-07-23 11:33:08,051 ] botocore.client - DEBUG - Registering retry handlers for service: s3
[ 2026-07-23 11:33:08,051 ] botocore.utils - DEBUG - Registering S3 region redirector handler
[ 2026-07-23 11:33:08,051 ] botocore.utils - DEBUG - Registering S3Express Identity Resolver
[ 2026-07-23 11:33:08,053 ] root - INFO - Entered the load_model method of S3Operations class
[ 2026-07-23 11:33:08,053 ] root - INFO - Entered the get_file_object method of S3Operations class
[ 2026-07-23 11:33:08,053 ] root - INFO - Entered the get_bucket method of S3Operations class
[ 2026-07-23 11:33:08,054 ] boto3.resources.factory - DEBUG - Loading s3:Bucket
[ 2026-07-23 11:33:08,054 ] boto3.resources.model - DEBUG - Renaming Bucket attribute name
[ 2026-07-23 11:33:08,056 ] botocore.hooks - DEBUG - Event creating-resource-class.s3.Bucket: calling handler <function lazy_call.<locals>._handler at 0x00000224E519C540>
[ 2026-07-23 11:33:08,056 ] root - INFO - Exited the get_bucket method of S3Operations class
[ 2026-07-23 11:33:08,173 ] botocore.loaders - DEBUG - Loading JSON file: C:\Users\zohai\AppData\Local\Programs\Python\Python312\Lib\site-packages\botocore\data\s3\2006-03-01\paginators-1.json
[ 2026-07-23 11:33:08,199 ] botocore.loaders - DEBUG - Loading JSON file: C:\Users\zohai\AppData\Local\Programs\Python\Python312\Lib\site-packages\botocore\data\s3\2006-03-01\paginators-1.sdk-extras.json
[ 2026-07-23 11:33:08,199 ] boto3.resources.collection - DEBUG - Calling paginated s3:list_objects with {'Bucket': 'usvisa-model-x-2026', 'Prefix': 'model.pkl'}
[ 2026-07-23 11:33:08,201 ] botocore.hooks - DEBUG - Event before-parameter-build.s3.ListObjects: calling handler <function set_list_objects_encoding_type_url at 0x00000224D97072E0>
[ 2026-07-23 11:33:08,201 ] botocore.hooks - DEBUG - Event before-parameter-build.s3.ListObjects: calling handler <function validate_bucket_name at 0x00000224D9705E40>
[ 2026-07-23 11:33:08,201 ] botocore.hooks - DEBUG - Event before-parameter-build.s3.ListObjects: calling handler <function remove_bucket_from_url_paths_from_model at 0x00000224D97282C0>
[ 2026-07-23 11:33:08,201 ] botocore.hooks - DEBUG - Event before-parameter-build.s3.ListObjects: calling handler <bound method S3RegionRedirectorv2.annotate_request_context of <botocore.utils.S3RegionRedirectorv2 object at 0x00000224E50F9B20>>
[ 2026-07-23 11:33:08,201 ] botocore.hooks - DEBUG - Event before-parameter-build.s3.ListObjects: calling handler <bound method ClientCreator._inject_s3_input_parameters of <botocore.client.ClientCreator object at 0x00000224E516F230>>
[ 2026-07-23 11:33:08,201 ] botocore.hooks - DEBUG - Event before-parameter-build.s3.ListObjects: calling handler <function generate_idempotent_uuid at 0x00000224D9705C60>
[ 2026-07-23 11:33:08,202 ] botocore.hooks - DEBUG - Event before-parameter-build.s3.ListObjects: calling handler <function _handle_request_validation_mode_member at 0x00000224D9728A40>
[ 2026-07-23 11:33:08,202 ] botocore.hooks - DEBUG - Event before-endpoint-resolution.s3: calling handler <function customize_endpoint_resolver_builtins at 0x00000224D97284A0>
[ 2026-07-23 11:33:08,202 ] botocore.hooks - DEBUG - Event before-endpoint-resolution.s3: calling handler <bound method S3RegionRedirectorv2.redirect_from_cache of <botocore.utils.S3RegionRedirectorv2 object at 0x00000224E50F9B20>>
[ 2026-07-23 11:33:08,202 ] botocore.regions - DEBUG - Calling endpoint provider with parameters: {'Bucket': 'usvisa-model-x-2026', 'Region': 'eu-north-1', 'UseFIPS': False, 'UseDualStack': False, 'ForcePathStyle': False, 'Accelerate': False, 'UseGlobalEndpoint': False, 'Prefix': 'model.pkl', 'DisableMultiRegionAccessPoints': False, 'UseArnRegion': True, 'DisableS3ExpressSessionAuth': False}
[ 2026-07-23 11:33:08,203 ] botocore.regions - DEBUG - Endpoint provider result: https://usvisa-model-x-2026.s3.eu-north-1.amazonaws.com
[ 2026-07-23 11:33:08,204 ] botocore.regions - DEBUG - Selecting from endpoint provider's list of auth schemes: "sigv4". User selected auth scheme is: "None"
[ 2026-07-23 11:33:08,204 ] botocore.regions - DEBUG - Selected auth type "v4" as "v4" with signing context params: {'region': 'eu-north-1', 'signing_name': 's3', 'disableDoubleEncoding': True}
[ 2026-07-23 11:33:08,205 ] botocore.hooks - DEBUG - Event before-call.s3.ListObjects: calling handler <function add_expect_header at 0x00000224D9706200>
[ 2026-07-23 11:33:08,205 ] botocore.hooks - DEBUG - Event before-call.s3.ListObjects: calling handler <bound method S3ExpressIdentityResolver.apply_signing_cache_key of <botocore.utils.S3ExpressIdentityResolver object at 0x00000224E516E3C0>>
[ 2026-07-23 11:33:08,205 ] botocore.hooks - DEBUG - Event before-call.s3.ListObjects: calling handler <function add_recursion_detection_header at 0x00000224D9704F40>
[ 2026-07-23 11:33:08,207 ] botocore.hooks - DEBUG - Event before-call.s3.ListObjects: calling handler <function inject_api_version_header_if_needed at 0x00000224D9707740>
[ 2026-07-23 11:33:08,207 ] botocore.endpoint - DEBUG - Making request for OperationModel(name=ListObjects) with params: {'url_path': '', 'query_string': {'prefix': 'model.pkl', 'encoding-type': 'url'}, 'method': 'GET', 'headers': {'User-Agent': 'Boto3/1.43.44 md/Botocore#1.43.44 ua/2.1 os/windows#11 md/arch#amd64 lang/python#3.12.10 md/pyimpl#CPython m/C,e,D,b,Z cfg/retry-mode#legacy Botocore/1.43.44 Resource'}, 'body': b'', 'auth_path': '/usvisa-model-x-2026/', 'url': 'https://usvisa-model-x-2026.s3.eu-north-1.amazonaws.com/?prefix=model.pkl&encoding-type=url', 'context': {'client_region': 'eu-north-1', 'client_config': <botocore.config.Config object at 0x00000224E4DF9460>, 'has_streaming_input': False, 'auth_type': 'v4', 'unsigned_payload': None, 'auth_options': ['aws.auth#sigv4'], 'encoding_type_auto_set': True, 's3_redirect': {'redirected': False, 'bucket': 'usvisa-model-x-2026', 'params': {'Bucket': 'usvisa-model-x-2026', 'Prefix': 'model.pkl', 'EncodingType': 'url'}}, 'input_params': {'Bucket': 'usvisa-model-x-2026', 'Prefix': 'model.pkl'}, 'signing': {'region': 'eu-north-1', 'signing_name': 's3', 'disableDoubleEncoding': True}, 'endpoint_properties': {'authSchemes': [{'disableDoubleEncoding': True, 'name': 'sigv4', 'signingName': 's3', 'signingRegion': 'eu-north-1'}]}}}
[ 2026-07-23 11:33:08,208 ] botocore.hooks - DEBUG - Event request-created.s3.ListObjects: calling handler <bound method RequestSigner.handler of <botocore.signers.RequestSigner object at 0x00000224E48BDF40>>
[ 2026-07-23 11:33:08,208 ] botocore.hooks - DEBUG - Event choose-signer.s3.ListObjects: calling handler <function set_operation_specific_signer at 0x00000224D9705940>
[ 2026-07-23 11:33:08,208 ] botocore.hooks - DEBUG - Event before-sign.s3.ListObjects: calling handler <function remove_arn_from_signing_path at 0x00000224D9728400>
[ 2026-07-23 11:33:08,208 ] botocore.hooks - DEBUG - Event before-sign.s3.ListObjects: calling handler <function _set_extra_headers_for_unsigned_request at 0x00000224D9728AE0>
[ 2026-07-23 11:33:08,208 ] botocore.hooks - DEBUG - Event before-sign.s3.ListObjects: calling handler <bound method S3ExpressIdentityResolver.resolve_s3express_identity of <botocore.utils.S3ExpressIdentityResolver object at 0x00000224E516E3C0>>
[ 2026-07-23 11:33:08,209 ] botocore.auth - DEBUG - Calculating signature using v4 auth.
[ 2026-07-23 11:33:08,209 ] botocore.auth - DEBUG - CanonicalRequest:
GET
/
encoding-type=url&prefix=model.pkl
host:usvisa-model-x-2026.s3.eu-north-1.amazonaws.com
x-amz-content-sha256:e3b0c44298fc1c149afbf4c8996fb92427ae41e4649b934ca495991b7852b855
x-amz-date:20260723T063308Z

host;x-amz-content-sha256;x-amz-date
e3b0c44298fc1c149afbf4c8996fb92427ae41e4649b934ca495991b7852b855
[ 2026-07-23 11:33:08,210 ] botocore.auth - DEBUG - StringToSign:
AWS4-HMAC-SHA256
20260723T063308Z
20260723/eu-north-1/s3/aws4_request
590093306ec5b646c1d6b401e92d2c746b175da702a63a5166dd556e6b2313b7
[ 2026-07-23 11:33:08,211 ] botocore.auth - DEBUG - Signature:
e2cfc0b3e618c8d0a1ce48a5ec94e7b996fba8cae4fbc065a30f0f273beb85ee
[ 2026-07-23 11:33:08,212 ] botocore.hooks - DEBUG - Event request-created.s3.ListObjects: calling handler <bound method UserAgentString.rebuild_and_replace_user_agent_handler of <botocore.useragent.UserAgentString object at 0x00000224E5D23920>>
[ 2026-07-23 11:33:08,212 ] botocore.hooks - DEBUG - Event request-created.s3.ListObjects: calling handler <function add_retry_headers at 0x00000224D9728220>
[ 2026-07-23 11:33:08,212 ] botocore.endpoint - DEBUG - Sending http request: <AWSPreparedRequest stream_output=False, method=GET, url=https://usvisa-model-x-2026.s3.eu-north-1.amazonaws.com/?prefix=model.pkl&encoding-type=url, headers={'User-Agent': b'Boto3/1.43.44 md/Botocore#1.43.44 ua/2.1 os/windows#11 md/arch#amd64 lang/python#3.12.10 md/pyimpl#CPython m/C,e,D,b,Z cfg/retry-mode#legacy Botocore/1.43.44 Resource', 'X-Amz-Date': b'20260723T063308Z', 'X-Amz-Content-SHA256': b'e3b0c44298fc1c149afbf4c8996fb92427ae41e4649b934ca495991b7852b855', 'Authorization': b'AWS4-HMAC-SHA256 Credential=AKIAYDUAS6HWUA5RW5H2/20260723/eu-north-1/s3/aws4_request, SignedHeaders=host;x-amz-content-sha256;x-amz-date, Signature=e2cfc0b3e618c8d0a1ce48a5ec94e7b996fba8cae4fbc065a30f0f273beb85ee', 'amz-sdk-invocation-id': b'6cabf8ae-6abb-4923-bc94-478b23e195b5', 'amz-sdk-request': b'attempt=1'}>
[ 2026-07-23 11:33:08,213 ] botocore.httpsession - DEBUG - Certificate path: C:\Users\zohai\AppData\Local\Programs\Python\Python312\Lib\site-packages\certifi\cacert.pem
[ 2026-07-23 11:33:08,214 ] urllib3.connectionpool - DEBUG - Starting new HTTPS connection (1): usvisa-model-x-2026.s3.eu-north-1.amazonaws.com:443
[ 2026-07-23 11:33:09,905 ] urllib3.connectionpool - DEBUG - https://usvisa-model-x-2026.s3.eu-north-1.amazonaws.com:443 "GET /?prefix=model.pkl&encoding-type=url HTTP/1.1" 200 None
[ 2026-07-23 11:33:09,909 ] botocore.hooks - DEBUG - Event before-parse.s3.ListObjects: calling handler <function _handle_200_error at 0x00000224D97287C0>
[ 2026-07-23 11:33:09,913 ] botocore.hooks - DEBUG - Event before-parse.s3.ListObjects: calling handler <function handle_expires_header at 0x00000224D97285E0>
[ 2026-07-23 11:33:09,913 ] botocore.parsers - DEBUG - Response headers: {'x-amz-id-2': 'W5eBa1peDKfXl/x5jDJvxq8F+gAe5Y3Bvkh5IMWIDrSIqxg58LAQoINvLFiFtVaVxNlPtrwtCLwyAV316dS0dDBN3X0cQ2Id', 'x-amz-request-id': 'C5ZCXZ2QH39PA0XD', 'Date': 'Thu, 23 Jul 2026 06:33:12 GMT', 'x-amz-bucket-region': 'eu-north-1', 'Content-Type': 'application/xml', 'Transfer-Encoding': 'chunked', 'Server': 'AmazonS3'}
[ 2026-07-23 11:33:09,913 ] botocore.parsers - DEBUG - Response body:
b'<?xml version="1.0" encoding="UTF-8"?>\n<ListBucketResult xmlns="http://s3.amazonaws.com/doc/2006-03-01/"><Name>usvisa-model-x-2026</Name><Prefix>model.pkl</Prefix><Marker></Marker><MaxKeys>1000</MaxKeys><EncodingType>url</EncodingType><IsTruncated>false</IsTruncated><Contents><Key>model.pkl</Key><LastModified>2026-07-22T12:39:31.000Z</LastModified><ETag>&quot;bb0c3697b3bdd80bb6f07fff338bc9c6&quot;</ETag><ChecksumAlgorithm>CRC32</ChecksumAlgorithm><ChecksumType>FULL_OBJECT</ChecksumType><Size>54242</Size><Owner><ID>61eb3d72ba6d2cfaa9bfd918cceabf6cfb52c53396a66d6786188c9432dbba33</ID></Owner><StorageClass>STANDARD</StorageClass></Contents></ListBucketResult>'
[ 2026-07-23 11:33:09,926 ] botocore.hooks - DEBUG - Event needs-retry.s3.ListObjects: calling handler <function _update_status_code at 0x00000224D97289A0>
[ 2026-07-23 11:33:09,926 ] botocore.hooks - DEBUG - Event needs-retry.s3.ListObjects: calling handler <botocore.retryhandler.RetryHandler object at 0x00000224E5D28800>
[ 2026-07-23 11:33:09,927 ] botocore.retryhandler - DEBUG - No retry needed.
[ 2026-07-23 11:33:09,927 ] botocore.hooks - DEBUG - Event needs-retry.s3.ListObjects: calling handler <bound method S3RegionRedirectorv2.redirect_from_error of <botocore.utils.S3RegionRedirectorv2 object at 0x00000224E50F9B20>>
[ 2026-07-23 11:33:09,927 ] botocore.hooks - DEBUG - Event after-call.s3.ListObjects: calling handler <function decode_list_object at 0x00000224D9707380>
[ 2026-07-23 11:33:09,928 ] boto3.resources.factory - DEBUG - Loading s3:ObjectSummary
[ 2026-07-23 11:33:09,928 ] boto3.resources.model - DEBUG - Renaming ObjectSummary attribute key
[ 2026-07-23 11:33:09,929 ] botocore.hooks - DEBUG - Event creating-resource-class.s3.ObjectSummary: calling handler <function lazy_call.<locals>._handler at 0x00000224E519C680>
[ 2026-07-23 11:33:09,930 ] root - INFO - Exited the get_file_object method of S3Operations class
[ 2026-07-23 11:33:09,930 ] root - INFO - Entered the read_object method of S3Operations class
[ 2026-07-23 11:33:09,930 ] root - INFO - Exited the read_object method of S3Operations class
[ 2026-07-23 11:33:09,930 ] boto3.resources.action - DEBUG - Calling s3:get_object with {'Bucket': 'usvisa-model-x-2026', 'Key': 'model.pkl'}
[ 2026-07-23 11:33:09,931 ] botocore.hooks - DEBUG - Event before-parameter-build.s3.GetObject: calling handler <function sse_md5 at 0x00000224D9705EE0>
[ 2026-07-23 11:33:09,931 ] botocore.hooks - DEBUG - Event before-parameter-build.s3.GetObject: calling handler <function validate_bucket_name at 0x00000224D9705E40>
[ 2026-07-23 11:33:09,931 ] botocore.hooks - DEBUG - Event before-parameter-build.s3.GetObject: calling handler <function remove_bucket_from_url_paths_from_model at 0x00000224D97282C0>
[ 2026-07-23 11:33:09,931 ] botocore.hooks - DEBUG - Event before-parameter-build.s3.GetObject: calling handler <bound method S3RegionRedirectorv2.annotate_request_context of <botocore.utils.S3RegionRedirectorv2 object at 0x00000224E50F9B20>>
[ 2026-07-23 11:33:09,932 ] botocore.hooks - DEBUG - Event before-parameter-build.s3.GetObject: calling handler <bound method ClientCreator._inject_s3_input_parameters of <botocore.client.ClientCreator object at 0x00000224E516F230>>
[ 2026-07-23 11:33:09,932 ] botocore.hooks - DEBUG - Event before-parameter-build.s3.GetObject: calling handler <function generate_idempotent_uuid at 0x00000224D9705C60>
[ 2026-07-23 11:33:09,932 ] botocore.hooks - DEBUG - Event before-parameter-build.s3.GetObject: calling handler <function _handle_request_validation_mode_member at 0x00000224D9728A40>
[ 2026-07-23 11:33:09,932 ] botocore.hooks - DEBUG - Event before-endpoint-resolution.s3: calling handler <function customize_endpoint_resolver_builtins at 0x00000224D97284A0>
[ 2026-07-23 11:33:09,932 ] botocore.hooks - DEBUG - Event before-endpoint-resolution.s3: calling handler <bound method S3RegionRedirectorv2.redirect_from_cache of <botocore.utils.S3RegionRedirectorv2 object at 0x00000224E50F9B20>>
[ 2026-07-23 11:33:09,933 ] botocore.regions - DEBUG - Calling endpoint provider with parameters: {'Bucket': 'usvisa-model-x-2026', 'Region': 'eu-north-1', 'UseFIPS': False, 'UseDualStack': False, 'ForcePathStyle': False, 'Accelerate': False, 'UseGlobalEndpoint': False, 'Key': 'model.pkl', 'DisableMultiRegionAccessPoints': False, 'UseArnRegion': True, 'DisableS3ExpressSessionAuth': False}
[ 2026-07-23 11:33:09,933 ] botocore.regions - DEBUG - Endpoint provider result: https://usvisa-model-x-2026.s3.eu-north-1.amazonaws.com
[ 2026-07-23 11:33:09,933 ] botocore.regions - DEBUG - Selecting from endpoint provider's list of auth schemes: "sigv4". User selected auth scheme is: "None"
[ 2026-07-23 11:33:09,933 ] botocore.regions - DEBUG - Selected auth type "v4" as "v4" with signing context params: {'region': 'eu-north-1', 'signing_name': 's3', 'disableDoubleEncoding': True}
[ 2026-07-23 11:33:09,934 ] botocore.hooks - DEBUG - Event before-call.s3.GetObject: calling handler <function add_expect_header at 0x00000224D9706200>
[ 2026-07-23 11:33:09,934 ] botocore.hooks - DEBUG - Event before-call.s3.GetObject: calling handler <bound method S3ExpressIdentityResolver.apply_signing_cache_key of <botocore.utils.S3ExpressIdentityResolver object at 0x00000224E516E3C0>>
[ 2026-07-23 11:33:09,934 ] botocore.hooks - DEBUG - Event before-call.s3.GetObject: calling handler <function add_recursion_detection_header at 0x00000224D9704F40>
[ 2026-07-23 11:33:09,934 ] botocore.hooks - DEBUG - Event before-call.s3.GetObject: calling handler <function inject_api_version_header_if_needed at 0x00000224D9707740>
[ 2026-07-23 11:33:09,934 ] botocore.endpoint - DEBUG - Making request for OperationModel(name=GetObject) with params: {'url_path': '/model.pkl', 'query_string': {}, 'method': 'GET', 'headers': {'x-amz-checksum-mode': 'ENABLED', 'User-Agent': 'Boto3/1.43.44 md/Botocore#1.43.44 ua/2.1 os/windows#11 md/arch#amd64 lang/python#3.12.10 md/pyimpl#CPython m/b,D,Z,e cfg/retry-mode#legacy Botocore/1.43.44 Resource'}, 'body': b'', 'auth_path': '/usvisa-model-x-2026/model.pkl', 'url': 'https://usvisa-model-x-2026.s3.eu-north-1.amazonaws.com/model.pkl', 'context': {'client_region': 'eu-north-1', 'client_config': <botocore.config.Config object at 0x00000224E4DF9460>, 'has_streaming_input': False, 'auth_type': 'v4', 'unsigned_payload': None, 'auth_options': ['aws.auth#sigv4'], 's3_redirect': {'redirected': False, 'bucket': 'usvisa-model-x-2026', 'params': {'Bucket': 'usvisa-model-x-2026', 'Key': 'model.pkl', 'ChecksumMode': 'ENABLED'}}, 'input_params': {'Bucket': 'usvisa-model-x-2026', 'Key': 'model.pkl'}, 'signing': {'region': 'eu-north-1', 'signing_name': 's3', 'disableDoubleEncoding': True}, 'endpoint_properties': {'authSchemes': [{'disableDoubleEncoding': True, 'name': 'sigv4', 'signingName': 's3', 'signingRegion': 'eu-north-1'}]}, 'checksum': {'response_algorithms': ['crc32', 'sha1', 'sha256', 'sha512']}}}
[ 2026-07-23 11:33:09,935 ] botocore.hooks - DEBUG - Event request-created.s3.GetObject: calling handler <bound method RequestSigner.handler of <botocore.signers.RequestSigner object at 0x00000224E48BDF40>>
[ 2026-07-23 11:33:09,936 ] botocore.hooks - DEBUG - Event choose-signer.s3.GetObject: calling handler <function set_operation_specific_signer at 0x00000224D9705940>
[ 2026-07-23 11:33:09,936 ] botocore.hooks - DEBUG - Event before-sign.s3.GetObject: calling handler <function remove_arn_from_signing_path at 0x00000224D9728400>
[ 2026-07-23 11:33:09,936 ] botocore.hooks - DEBUG - Event before-sign.s3.GetObject: calling handler <function _set_extra_headers_for_unsigned_request at 0x00000224D9728AE0>
[ 2026-07-23 11:33:09,936 ] botocore.hooks - DEBUG - Event before-sign.s3.GetObject: calling handler <bound method S3ExpressIdentityResolver.resolve_s3express_identity of <botocore.utils.S3ExpressIdentityResolver object at 0x00000224E516E3C0>>
[ 2026-07-23 11:33:09,936 ] botocore.auth - DEBUG - Calculating signature using v4 auth.
[ 2026-07-23 11:33:09,937 ] botocore.auth - DEBUG - CanonicalRequest:
GET
/model.pkl

host:usvisa-model-x-2026.s3.eu-north-1.amazonaws.com
x-amz-checksum-mode:ENABLED
x-amz-content-sha256:e3b0c44298fc1c149afbf4c8996fb92427ae41e4649b934ca495991b7852b855
x-amz-date:20260723T063309Z

host;x-amz-checksum-mode;x-amz-content-sha256;x-amz-date
e3b0c44298fc1c149afbf4c8996fb92427ae41e4649b934ca495991b7852b855
[ 2026-07-23 11:33:09,937 ] botocore.auth - DEBUG - StringToSign:
AWS4-HMAC-SHA256
20260723T063309Z
20260723/eu-north-1/s3/aws4_request
9f643436ec9bc402fef407b9746808cf13aa1627283b3cd308da80868e73da79
[ 2026-07-23 11:33:09,937 ] botocore.auth - DEBUG - Signature:
3589afdf9a38b6150a21a8cfe2be0443204ba447c55daa826843d6c681116a10
[ 2026-07-23 11:33:09,937 ] botocore.hooks - DEBUG - Event request-created.s3.GetObject: calling handler <bound method UserAgentString.rebuild_and_replace_user_agent_handler of <botocore.useragent.UserAgentString object at 0x00000224E5D23920>>
[ 2026-07-23 11:33:09,937 ] botocore.hooks - DEBUG - Event request-created.s3.GetObject: calling handler <function add_retry_headers at 0x00000224D9728220>
[ 2026-07-23 11:33:09,938 ] botocore.endpoint - DEBUG - Sending http request: <AWSPreparedRequest stream_output=True, method=GET, url=https://usvisa-model-x-2026.s3.eu-north-1.amazonaws.com/model.pkl, headers={'x-amz-checksum-mode': b'ENABLED', 'User-Agent': b'Boto3/1.43.44 md/Botocore#1.43.44 ua/2.1 os/windows#11 md/arch#amd64 lang/python#3.12.10 md/pyimpl#CPython m/b,D,Z,e cfg/retry-mode#legacy Botocore/1.43.44 Resource', 'X-Amz-Date': b'20260723T063309Z', 'X-Amz-Content-SHA256': b'e3b0c44298fc1c149afbf4c8996fb92427ae41e4649b934ca495991b7852b855', 'Authorization': b'AWS4-HMAC-SHA256 Credential=AKIAYDUAS6HWUA5RW5H2/20260723/eu-north-1/s3/aws4_request, SignedHeaders=host;x-amz-checksum-mode;x-amz-content-sha256;x-amz-date, Signature=3589afdf9a38b6150a21a8cfe2be0443204ba447c55daa826843d6c681116a10', 'amz-sdk-invocation-id': b'312f693f-252c-4c9f-8826-986c3d35cd6f', 'amz-sdk-request': b'attempt=1'}>
[ 2026-07-23 11:33:09,939 ] botocore.httpsession - DEBUG - Certificate path: C:\Users\zohai\AppData\Local\Programs\Python\Python312\Lib\site-packages\certifi\cacert.pem
[ 2026-07-23 11:33:10,166 ] urllib3.connectionpool - DEBUG - https://usvisa-model-x-2026.s3.eu-north-1.amazonaws.com:443 "GET /model.pkl HTTP/1.1" 200 54242
[ 2026-07-23 11:33:10,169 ] botocore.hooks - DEBUG - Event before-parse.s3.GetObject: calling handler <function _handle_200_error at 0x00000224D97287C0>
[ 2026-07-23 11:33:10,179 ] botocore.hooks - DEBUG - Event before-parse.s3.GetObject: calling handler <function handle_expires_header at 0x00000224D97285E0>
[ 2026-07-23 11:33:10,179 ] botocore.parsers - DEBUG - Response headers: {'x-amz-id-2': 'eCAEwVwophR6z1HlenyY5HyzYpQRZ9H63Y5iwwOHLYMZnkM2R3B/p+GXyMU7uhLklfaIgAHdF13uSwfU9Y9J9S0y1zS4X2zi', 'x-amz-request-id': 'C5Z44RNF5Z6JBCZB', 'Date': 'Thu, 23 Jul 2026 06:33:12 GMT', 'Last-Modified': 'Wed, 22 Jul 2026 12:39:31 GMT', 'ETag': '"bb0c3697b3bdd80bb6f07fff338bc9c6"', 'x-amz-checksum-crc32': 'FLeatg==', 'x-amz-checksum-type': 'FULL_OBJECT', 'x-amz-server-side-encryption': 'AES256', 'Accept-Ranges': 'bytes', 'Content-Type': 'binary/octet-stream', 'Content-Length': '54242', 'Server': 'AmazonS3'}
[ 2026-07-23 11:33:10,181 ] botocore.parsers - DEBUG - Response body:
<botocore.httpchecksum.StreamingChecksumBody object at 0x00000224E61196F0>
[ 2026-07-23 11:33:10,183 ] botocore.hooks - DEBUG - Event needs-retry.s3.GetObject: calling handler <function _update_status_code at 0x00000224D97289A0>
[ 2026-07-23 11:33:10,183 ] botocore.hooks - DEBUG - Event needs-retry.s3.GetObject: calling handler <botocore.retryhandler.RetryHandler object at 0x00000224E5D28800>
[ 2026-07-23 11:33:10,183 ] botocore.retryhandler - DEBUG - No retry needed.
[ 2026-07-23 11:33:10,185 ] botocore.hooks - DEBUG - Event needs-retry.s3.GetObject: calling handler <bound method S3RegionRedirectorv2.redirect_from_error of <botocore.utils.S3RegionRedirectorv2 object at 0x00000224E50F9B20>>
[ 2026-07-23 11:33:10,185 ] boto3.resources.action - DEBUG - Response: {'ResponseMetadata': {'RequestId': 'C5Z44RNF5Z6JBCZB', 'HostId': 'eCAEwVwophR6z1HlenyY5HyzYpQRZ9H63Y5iwwOHLYMZnkM2R3B/p+GXyMU7uhLklfaIgAHdF13uSwfU9Y9J9S0y1zS4X2zi', 'HTTPStatusCode': 200, 'HTTPHeaders': {'x-amz-id-2': 'eCAEwVwophR6z1HlenyY5HyzYpQRZ9H63Y5iwwOHLYMZnkM2R3B/p+GXyMU7uhLklfaIgAHdF13uSwfU9Y9J9S0y1zS4X2zi', 'x-amz-request-id': 'C5Z44RNF5Z6JBCZB', 'date': 'Thu, 23 Jul 2026 06:33:12 GMT', 'last-modified': 'Wed, 22 Jul 2026 12:39:31 GMT', 'etag': '"bb0c3697b3bdd80bb6f07fff338bc9c6"', 'x-amz-checksum-crc32': 'FLeatg==', 'x-amz-checksum-type': 'FULL_OBJECT', 'x-amz-server-side-encryption': 'AES256', 'accept-ranges': 'bytes', 'content-type': 'binary/octet-stream', 'content-length': '54242', 'server': 'AmazonS3'}, 'ChecksumAlgorithm': 'crc32', 'RetryAttempts': 0}, 'AcceptRanges': 'bytes', 'LastModified': datetime.datetime(2026, 7, 22, 12, 39, 31, tzinfo=tzutc()), 'ContentLength': 54242, 'ETag': '"bb0c3697b3bdd80bb6f07fff338bc9c6"', 'ChecksumCRC32': 'FLeatg==', 'ChecksumType': 'FULL_OBJECT', 'ContentType': 'binary/octet-stream', 'ServerSideEncryption': 'AES256', 'Metadata': {}, 'Body': <botocore.httpchecksum.StreamingChecksumBody object at 0x00000224E61196F0>}
[ 2026-07-23 11:33:10,351 ] root - INFO - Exited the load_model method of S3Operations class
[ 2026-07-23 11:33:10,351 ] root - INFO - Entered predict method of UTruckModel class
[ 2026-07-23 11:33:10,351 ] root - INFO - Using the trained model to get predictions
[ 2026-07-23 11:33:10,504 ] root - INFO - Used the trained model to get predictions
